// Jest Snapshot v1, https://goo.gl/fbAQLP

exports[`Article renders the Article component correctly 1`] = `
<div
  style={
    Object {
      "borderBottomColor": "#aaa",
      "borderBottomStyle": "solid",
      "borderBottomWidth": 1,
      "marginBottom": 10,
      "paddingBottom": 10,
    }
  }
>
  <div
    style={
      Object {
        "fontWeight": "bold",
      }
    }
  >
    Winds of winter
  </div>
  <div
    style={
      Object {
        "color": "#888",
        "fontSize": "0.85em",
      }
    }
  >
    Sun Mar 18 2018
  </div>
  <div
    style={
      Object {
        "paddingBottom": 10,
        "paddingTop": 10,
      }
    }
  >
    <a
      href={undefined}
    >
       
    </a>
  </div>
  <div
    style={
      Object {
        "paddingLeft": 20,
      }
    }
  >
    The night king embarks on a quest to wipe out all of humanity
  </div>
</div>
`;
